- User List 
[{"id":"a1498144-5917-4139-9429-5825310172ea","username":"Claudia.Skiles","email":"Eudora68@hotmail.com","createAt":"2021-04-28T21:39:57.516Z","updateAt":"2021-04-28T21:39:57.517Z","password":"$2b$04$B5zblNuZZT0nbju/VrBwj.PgfSDG8mC2dH.VJr4bDxEOcBRhqzSgW","accounts":{"id":"b5489f0f-d0f6-47ec-96f7-5087bf2d2bc5","avatar":"/static/3c49b8ebe1253442b335738b14b8f3eeaedd61ed.jpeg","first_name":"Libby","last_name":"Sanford","createAt":"2021-04-28T21:39:57.511Z","updateAt":"2021-04-28T21:39:57.511Z","location":{"id":"9f6ed0c8-1e8e-4ddc-870d-57d5c23f9a8d","country":"Turkey","city":"South Cristianberg","province":"Nevada","address":"534 Brakus Springs","createAt":"2021-04-28T21:39:57.496Z","updateAt":"2021-04-28T21:39:57.496Z"}}}]
- User Login 
{"token":"eyJhbGciOiJSUzI1NiIsInR5cCI6IkpXVCJ9.eyJ1c2VyIjp7ImlkIjoiODJlNjIzYTQtYTMzYy00NWVkLWExOTItYTY2YjI2MmEyYzgxIiwidXNlcm5hbWUiOiJKYWNraWVfSGFja2V0dDQxIiwiZW1haWwiOiJWYXVnaG4xMUB5YWhvby5jb20iLCJjcmVhdGVBdCI6IjIwMjEtMDQtMjhUMjE6NDM6MTQuMzQ1WiIsInVwZGF0ZUF0IjoiMjAyMS0wNC0yOFQyMTo0MzoxNC4zNDVaIiwicGFzc3dvcmQiOiIkMmIkMDQkSzdYa1NBWUUwMVM3S05TcTBmOUJlT0hJUVIxaFE4UFZtNFlGNnBTZDhjTEtFNk12Q3F3dVcifSwiaWF0IjoxNjE5NjQ2MTk0fQ.omAfIGj6NGN0pj1ddRMJ3YXDkuuJjPEyzytJxo2grq_xV882hgVz8E_nphZH-kh77BZdFRfiS4MoOAqv4oK30gW9hrjde7KgR--c_fc9jtqHd_-Ge9iLGpueSpCcV3sJB4ysMmlGl73Kt5BdIs1zrz3ScaMqoTD-eR2cGd8hUUtKKjU1woC1HLXxF_mM5yCrLVDV-17-xWH71HDWMZsXCydTrbiSkn9NhyFc0sgWvEL5mESC3Vb_KHsQ0N5fu8F5BwJm6pK4D-wvQj1QrlYIWi3_wz3c25XXJPjUje8cq5KyAcqB2LJ_BNO26GMvYHojbFYoKZg2j3Rq9G3H1kUX89V9tyjcdST4C2twoM_VfUZoieB_XvM49HAHzSkyoY76VKcaMrmLTKB2STkCyyIanZL6ASgdjbYEOMvp5MNhvr5gc9Z1AiFAIfYAg0WVb9kIMGrv5WtALt26bRV6vMkUWkSE7_zzB3lSeDft_-P12yK_NFrVpK6SHltgock35ItJD_XKA-X-mzacU6RmDK3mSiYoPaab0ZX5t9AslhJpo5OXyalGxig-yJWy3YTdo3omOre02AhfK73Z9doUK9cay__aDx-eRiBp-YtwD4cdYvzGn5CiwHbmNlNVGwRcldFbV1F_0o9WWYKPTbuq1yvW2x0qXD53iYgT0cfea6Rq3s8"}
- User Detail 
{"id":"82e623a4-a33c-45ed-a192-a66b262a2c81","username":"Jackie_Hackett41","email":"Vaughn11@yahoo.com","createAt":"2021-04-28T21:43:14.345Z","updateAt":"2021-04-28T21:43:14.345Z","password":"$2b$04$K7XkSAYE01S7KNSq0f9BeOHIQR1hQ8PVm4YF6pSd8cLKE6MvCqwuW","accounts":{"id":"0dd8f98c-0c10-4a97-8604-4bf5cae48e6e","avatar":null,"first_name":null,"last_name":null,"createAt":"2021-04-28T21:43:14.340Z","updateAt":"2021-04-28T21:43:14.340Z"}}
